
> astro-paper@5.5.1 build /root/astro-blog
> astro check && astro build && pagefind --site dist && cp -r dist/pagefind public/

Could not fetch from `https://fonts.google.com/metadata/fonts`. Will retry in `1000ms`. `3` retries left.
Could not fetch from `https://fonts.google.com/metadata/fonts`. Will retry in `1000ms`. `2` retries left.
Could not fetch from `https://fonts.google.com/metadata/fonts`. Will retry in `1000ms`. `1` retries left.
Could not initialize provider `google-c200761b0711fe56`. `unifont` will not be able to process fonts provided by this provider. FetchError: [GET] "https://fonts.google.com/metadata/fonts": <no response> fetch failed
    at process.processTicksAndRejections (node:internal/process/task_queues:105:5)
    at async $fetch2 (file:///root/astro-blog/node_modules/.pnpm/ofetch@1.5.1/node_modules/ofetch/dist/shared/ofetch.CWycOUEr.mjs:332:15)
    ... 5 lines matching cause stack trace ...
    at async Promise.all (index 0)
    at async createUnifont (file:///root/astro-blog/node_modules/.pnpm/unifont@0.7.4/node_modules/unifont/dist/index.mjs:860:2)
    at async UnifontFontResolver.create (file:///root/astro-blog/node_modules/.pnpm/astro@5.18.0_jiti@2.6.1_lightningcss@1.31.1_rollup@4.59.0_stylus@0.64.0_typescript@5.9.3_yaml@2.8.2/node_modules/astro/dist/assets/fonts/infra/unifont-font-resolver.js:55:16) {
  [cause]: TypeError: fetch failed
      at node:internal/deps/undici/undici:13468:13
      at process.processTicksAndRejections (node:internal/process/task_queues:105:5)
      at async $fetchRaw2 (file:///root/astro-blog/node_modules/.pnpm/ofetch@1.5.1/node_modules/ofetch/dist/shared/ofetch.CWycOUEr.mjs:274:26)
      at async $fetch2 (file:///root/astro-blog/node_modules/.pnpm/ofetch@1.5.1/node_modules/ofetch/dist/shared/ofetch.CWycOUEr.mjs:332:15)
      at async Object.getItem (file:///root/astro-blog/node_modules/.pnpm/unifont@0.7.4/node_modules/unifont/dist/index.mjs:813:17)
      at async file:///root/astro-blog/node_modules/.pnpm/unifont@0.7.4/node_modules/unifont/dist/index.mjs:488:22
      at async Object.init (file:///root/astro-blog/node_modules/.pnpm/astro@5.18.0_jiti@2.6.1_lightningcss@1.31.1_rollup@4.59.0_stylus@0.64.0_typescript@5.9.3_yaml@2.8.2/node_modules/astro/dist/assets/fonts/providers/index.js:77:29)
      at async file:///root/astro-blog/node_modules/.pnpm/astro@5.18.0_jiti@2.6.1_lightningcss@1.31.1_rollup@4.59.0_stylus@0.64.0_typescript@5.9.3_yaml@2.8.2/node_modules/astro/dist/assets/fonts/infra/unifont-font-resolver.js:21:7
      at async file:///root/astro-blog/node_modules/.pnpm/unifont@0.7.4/node_modules/unifont/dist/index.mjs:863:32
      at async Promise.all (index 0) {
    [cause]: AggregateError [ETIMEDOUT]: 
        at internalConnectMultiple (node:net:1128:18)
        at internalConnectMultiple (node:net:1196:5)
        at Timeout.internalConnectMultipleTimeout (node:net:1720:5)
        at listOnTimeout (node:internal/timers:616:11)
        at process.processTimers (node:internal/timers:549:7) {
      code: 'ETIMEDOUT',
      [errors]: [Array]
    }
  }
}
05:11:36 [WARN] [assets] No data found for font family Google Sans Code. Review your configuration
05:11:36 [content] Syncing content
05:11:36 [WARN] [glob-loader] Duplicate id "how-to-configure-astropaper-theme" found in /root/astro-blog/src/data/blog/how-to-configure-astropaper-theme.md. Later items with the same id will overwrite earlier ones.
05:11:36 [WARN] [glob-loader] Duplicate id "how-to-integrate-giscus-comments" found in /root/astro-blog/src/data/blog/how-to-integrate-giscus-comments.md. Later items with the same id will overwrite earlier ones.
05:11:36 [WARN] [glob-loader] Duplicate id "setting-dates-via-git-hooks" found in /root/astro-blog/src/data/blog/setting-dates-via-git-hooks.md. Later items with the same id will overwrite earlier ones.
05:11:36 [WARN] [glob-loader] Duplicate id "astro-paper-v3" found in /root/astro-blog/src/data/blog/_releases/astro-paper-3.md. Later items with the same id will overwrite earlier ones.
05:11:37 [content] Synced content
05:11:37 [types] Generated 6.45s
05:11:37 [check] Getting diagnostics for Astro files in /root/astro-blog...
[96msrc/components/blog/Comments.astro[0m:[93m15[0m:[93m15[0m - [93mwarning[0m[90m astro(4000): [0mThis script will be treated as if it has the `is:inline` directive because it contains an attribute. Therefore, features that require processing (e.g. using TypeScript or npm packages in the script) are unavailable.

See docs for more details: https://docs.astro.build/en/guides/client-side-scripts/#script-processing.

Add the `is:inline` directive explicitly to silence this hint.

[7m15[0m       <script type="module" define:vars={{ serverURL: SITE.waline.serverURL, emoji: SITE.waline.emoji, lang: SITE.waline.lang, reaction: SITE.waline.reaction, pageview: SITE.waline.pageview }}>
[7m  [0m [93m              ~~~~[0m

[96msrc/components/media/Mermaid.astro[0m:[93m18[0m:[93m5[0m - [93mwarning[0m[90m astro(4000): [0mThis script will be treated as if it has the `is:inline` directive because it contains an attribute. Therefore, features that require processing (e.g. using TypeScript or npm packages in the script) are unavailable.

See docs for more details: https://docs.astro.build/en/guides/client-side-scripts/#script-processing.

Add the `is:inline` directive explicitly to silence this hint.

[7m18[0m     type="application/json"
[7m  [0m [93m    ~~~~[0m

Result (64 files): 
- 0 errors
- 0 warnings
- 2 hints

Could not fetch from `https://fonts.google.com/metadata/fonts`. Will retry in `1000ms`. `3` retries left.
Could not fetch from `https://fonts.google.com/metadata/fonts`. Will retry in `1000ms`. `2` retries left.
Could not fetch from `https://fonts.google.com/metadata/fonts`. Will retry in `1000ms`. `1` retries left.
Could not initialize provider `google-c200761b0711fe56`. `unifont` will not be able to process fonts provided by this provider. FetchError: [GET] "https://fonts.google.com/metadata/fonts": <no response> fetch failed
    at process.processTicksAndRejections (node:internal/process/task_queues:105:5)
    at async $fetch2 (file:///root/astro-blog/node_modules/.pnpm/ofetch@1.5.1/node_modules/ofetch/dist/shared/ofetch.CWycOUEr.mjs:332:15)
    ... 5 lines matching cause stack trace ...
    at async Promise.all (index 0)
    at async createUnifont (file:///root/astro-blog/node_modules/.pnpm/unifont@0.7.4/node_modules/unifont/dist/index.mjs:860:2)
    at async UnifontFontResolver.create (file:///root/astro-blog/node_modules/.pnpm/astro@5.18.0_jiti@2.6.1_lightningcss@1.31.1_rollup@4.59.0_stylus@0.64.0_typescript@5.9.3_yaml@2.8.2/node_modules/astro/dist/assets/fonts/infra/unifont-font-resolver.js:55:16) {
  [cause]: TypeError: fetch failed
      at node:internal/deps/undici/undici:13468:13
      at process.processTicksAndRejections (node:internal/process/task_queues:105:5)
      at async $fetchRaw2 (file:///root/astro-blog/node_modules/.pnpm/ofetch@1.5.1/node_modules/ofetch/dist/shared/ofetch.CWycOUEr.mjs:274:26)
      at async $fetch2 (file:///root/astro-blog/node_modules/.pnpm/ofetch@1.5.1/node_modules/ofetch/dist/shared/ofetch.CWycOUEr.mjs:332:15)
      at async Object.getItem (file:///root/astro-blog/node_modules/.pnpm/unifont@0.7.4/node_modules/unifont/dist/index.mjs:813:17)
      at async file:///root/astro-blog/node_modules/.pnpm/unifont@0.7.4/node_modules/unifont/dist/index.mjs:488:22
      at async Object.init (file:///root/astro-blog/node_modules/.pnpm/astro@5.18.0_jiti@2.6.1_lightningcss@1.31.1_rollup@4.59.0_stylus@0.64.0_typescript@5.9.3_yaml@2.8.2/node_modules/astro/dist/assets/fonts/providers/index.js:77:29)
      at async file:///root/astro-blog/node_modules/.pnpm/astro@5.18.0_jiti@2.6.1_lightningcss@1.31.1_rollup@4.59.0_stylus@0.64.0_typescript@5.9.3_yaml@2.8.2/node_modules/astro/dist/assets/fonts/infra/unifont-font-resolver.js:21:7
      at async file:///root/astro-blog/node_modules/.pnpm/unifont@0.7.4/node_modules/unifont/dist/index.mjs:863:32
      at async Promise.all (index 0) {
    [cause]: AggregateError [ETIMEDOUT]: 
        at internalConnectMultiple (node:net:1128:18)
        at internalConnectMultiple (node:net:1196:5)
        at internalConnectMultiple (node:net:1196:5)
        at internalConnectMultiple (node:net:1196:5)
        at internalConnectMultiple (node:net:1196:5)
        at Timeout.internalConnectMultipleTimeout (node:net:1720:5)
        at listOnTimeout (node:internal/timers:616:11)
        at process.processTimers (node:internal/timers:549:7) {
      code: 'ETIMEDOUT',
      [errors]: [Array]
    }
  }
}
05:11:50 [WARN] [assets] No data found for font family Google Sans Code. Review your configuration
05:11:50 [content] Syncing content
05:11:50 [content] Synced content
05:11:50 [types] Generated 4.93s
05:11:50 [build] output: "static"
05:11:50 [build] mode: "static"
05:11:50 [build] directory: /root/astro-blog/dist/
05:11:50 [build] Collecting build info...
05:11:50 [build] ✓ Completed in 4.97s.
05:11:50 [build] Building static entrypoints...
Could not fetch from `https://fonts.google.com/metadata/fonts`. Will retry in `1000ms`. `3` retries left.
Could not fetch from `https://fonts.google.com/metadata/fonts`. Will retry in `1000ms`. `2` retries left.
Could not fetch from `https://fonts.google.com/metadata/fonts`. Will retry in `1000ms`. `1` retries left.
Could not initialize provider `google-c200761b0711fe56`. `unifont` will not be able to process fonts provided by this provider. FetchError: [GET] "https://fonts.google.com/metadata/fonts": <no response> fetch failed
    at process.processTicksAndRejections (node:internal/process/task_queues:105:5)
    at async $fetch2 (file:///root/astro-blog/node_modules/.pnpm/ofetch@1.5.1/node_modules/ofetch/dist/shared/ofetch.CWycOUEr.mjs:332:15)
    ... 5 lines matching cause stack trace ...
    at async Promise.all (index 0)
    at async createUnifont (file:///root/astro-blog/node_modules/.pnpm/unifont@0.7.4/node_modules/unifont/dist/index.mjs:860:2)
    at async UnifontFontResolver.create (file:///root/astro-blog/node_modules/.pnpm/astro@5.18.0_jiti@2.6.1_lightningcss@1.31.1_rollup@4.59.0_stylus@0.64.0_typescript@5.9.3_yaml@2.8.2/node_modules/astro/dist/assets/fonts/infra/unifont-font-resolver.js:55:16) {
  [cause]: TypeError: fetch failed
      at node:internal/deps/undici/undici:13468:13
      at process.processTicksAndRejections (node:internal/process/task_queues:105:5)
      at async $fetchRaw2 (file:///root/astro-blog/node_modules/.pnpm/ofetch@1.5.1/node_modules/ofetch/dist/shared/ofetch.CWycOUEr.mjs:274:26)
      at async $fetch2 (file:///root/astro-blog/node_modules/.pnpm/ofetch@1.5.1/node_modules/ofetch/dist/shared/ofetch.CWycOUEr.mjs:332:15)
      at async Object.getItem (file:///root/astro-blog/node_modules/.pnpm/unifont@0.7.4/node_modules/unifont/dist/index.mjs:813:17)
      at async file:///root/astro-blog/node_modules/.pnpm/unifont@0.7.4/node_modules/unifont/dist/index.mjs:488:22
      at async Object.init (file:///root/astro-blog/node_modules/.pnpm/astro@5.18.0_jiti@2.6.1_lightningcss@1.31.1_rollup@4.59.0_stylus@0.64.0_typescript@5.9.3_yaml@2.8.2/node_modules/astro/dist/assets/fonts/providers/index.js:77:29)
      at async file:///root/astro-blog/node_modules/.pnpm/astro@5.18.0_jiti@2.6.1_lightningcss@1.31.1_rollup@4.59.0_stylus@0.64.0_typescript@5.9.3_yaml@2.8.2/node_modules/astro/dist/assets/fonts/infra/unifont-font-resolver.js:21:7
      at async file:///root/astro-blog/node_modules/.pnpm/unifont@0.7.4/node_modules/unifont/dist/index.mjs:863:32
      at async Promise.all (index 0) {
    [cause]: AggregateError [ETIMEDOUT]: 
        at internalConnectMultiple (node:net:1128:18)
        at internalConnectMultiple (node:net:1196:5)
        at Timeout.internalConnectMultipleTimeout (node:net:1720:5)
        at listOnTimeout (node:internal/timers:616:11)
        at process.processTimers (node:internal/timers:549:7) {
      code: 'ETIMEDOUT',
      [errors]: [Array]
    }
  }
}
05:11:55 [WARN] [assets] No data found for font family Google Sans Code. Review your configuration
05:12:01 [assets] Copying fonts (0 files)...
05:12:01 [vite] ✓ built in 10.62s
05:12:01 [build] ✓ Completed in 10.71s.

 building client (vite) 
Could not fetch from `https://fonts.google.com/metadata/fonts`. Will retry in `1000ms`. `3` retries left.
Could not fetch from `https://fonts.google.com/metadata/fonts`. Will retry in `1000ms`. `2` retries left.
Could not fetch from `https://fonts.google.com/metadata/fonts`. Will retry in `1000ms`. `1` retries left.
Could not initialize provider `google-c200761b0711fe56`. `unifont` will not be able to process fonts provided by this provider. FetchError: [GET] "https://fonts.google.com/metadata/fonts": <no response> fetch failed
    at process.processTicksAndRejections (node:internal/process/task_queues:105:5)
    at async $fetch2 (file:///root/astro-blog/node_modules/.pnpm/ofetch@1.5.1/node_modules/ofetch/dist/shared/ofetch.CWycOUEr.mjs:332:15)
    ... 5 lines matching cause stack trace ...
    at async Promise.all (index 0)
    at async createUnifont (file:///root/astro-blog/node_modules/.pnpm/unifont@0.7.4/node_modules/unifont/dist/index.mjs:860:2)
    at async UnifontFontResolver.create (file:///root/astro-blog/node_modules/.pnpm/astro@5.18.0_jiti@2.6.1_lightningcss@1.31.1_rollup@4.59.0_stylus@0.64.0_typescript@5.9.3_yaml@2.8.2/node_modules/astro/dist/assets/fonts/infra/unifont-font-resolver.js:55:16) {
  [cause]: TypeError: fetch failed
      at node:internal/deps/undici/undici:13468:13
      at process.processTicksAndRejections (node:internal/process/task_queues:105:5)
      at async $fetchRaw2 (file:///root/astro-blog/node_modules/.pnpm/ofetch@1.5.1/node_modules/ofetch/dist/shared/ofetch.CWycOUEr.mjs:274:26)
      at async $fetch2 (file:///root/astro-blog/node_modules/.pnpm/ofetch@1.5.1/node_modules/ofetch/dist/shared/ofetch.CWycOUEr.mjs:332:15)
      at async Object.getItem (file:///root/astro-blog/node_modules/.pnpm/unifont@0.7.4/node_modules/unifont/dist/index.mjs:813:17)
      at async file:///root/astro-blog/node_modules/.pnpm/unifont@0.7.4/node_modules/unifont/dist/index.mjs:488:22
      at async Object.init (file:///root/astro-blog/node_modules/.pnpm/astro@5.18.0_jiti@2.6.1_lightningcss@1.31.1_rollup@4.59.0_stylus@0.64.0_typescript@5.9.3_yaml@2.8.2/node_modules/astro/dist/assets/fonts/providers/index.js:77:29)
      at async file:///root/astro-blog/node_modules/.pnpm/astro@5.18.0_jiti@2.6.1_lightningcss@1.31.1_rollup@4.59.0_stylus@0.64.0_typescript@5.9.3_yaml@2.8.2/node_modules/astro/dist/assets/fonts/infra/unifont-font-resolver.js:21:7
      at async file:///root/astro-blog/node_modules/.pnpm/unifont@0.7.4/node_modules/unifont/dist/index.mjs:863:32
      at async Promise.all (index 0) {
    [cause]: AggregateError [ETIMEDOUT]: 
        at internalConnectMultiple (node:net:1128:18)
        at internalConnectMultiple (node:net:1196:5)
        at Timeout.internalConnectMultipleTimeout (node:net:1720:5)
        at listOnTimeout (node:internal/timers:616:11)
        at process.processTimers (node:internal/timers:549:7) {
      code: 'ETIMEDOUT',
      [errors]: [Array]
    }
  }
}
05:12:05 [WARN] [assets] No data found for font family Google Sans Code. Review your configuration
05:12:05 [vite] transforming...
05:12:14 [assets] Copying fonts (0 files)...
05:12:14 [vite] ✓ 1862 modules transformed.
05:12:15 [vite] rendering chunks...
05:12:16 [vite] computing gzip size...
05:12:16 [vite] dist/_astro/clone.B17rVs-S.js                                                0.10 kB │ gzip:   0.11 kB
05:12:16 [vite] dist/_astro/channel.C1FY-k9p.js                                              0.15 kB │ gzip:   0.15 kB
05:12:16 [vite] dist/_astro/init.Gi6I4Gst.js                                                 0.15 kB │ gzip:   0.13 kB
05:12:16 [vite] dist/_astro/chunk-QZHKN3VN.QLS-EfXe.js                                       0.23 kB │ gzip:   0.18 kB
05:12:16 [vite] dist/_astro/chunk-4BX2VUAB.Bz4dBKZV.js                                       0.26 kB │ gzip:   0.19 kB
05:12:16 [vite] dist/_astro/chunk-55IACEB6.AGAXadGt.js                                       0.27 kB │ gzip:   0.23 kB
05:12:16 [vite] dist/_astro/chunk-FMBD7UC4.BCUaOzho.js                                       0.40 kB │ gzip:   0.29 kB
05:12:16 [vite] dist/_astro/stateDiagram-v2-4FDKWEC3.Dw8yhF9o.js                             0.43 kB │ gzip:   0.31 kB
05:12:16 [vite] dist/_astro/classDiagram-2ON5EDUG.i9ScQ8Y_.js                                0.47 kB │ gzip:   0.33 kB
05:12:16 [vite] dist/_astro/classDiagram-v2-WZHVMYZB.i9ScQ8Y_.js                             0.47 kB │ gzip:   0.33 kB
05:12:16 [vite] dist/_astro/chunk-QN33PNHL.DRu3icAg.js                                       0.54 kB │ gzip:   0.38 kB
05:12:16 [vite] dist/_astro/infoDiagram-HS3SLOUP.C92nfDEN.js                                 0.73 kB │ gzip:   0.48 kB
05:12:16 [vite] dist/_astro/preload-helper.BlTxHScW.js                                       1.11 kB │ gzip:   0.65 kB
05:12:16 [vite] dist/_astro/ordinal.BYWQX77i.js                                              1.19 kB │ gzip:   0.57 kB
05:12:16 [vite] dist/_astro/search.astro_astro_type_script_index_0_lang.BODUo-wo.js          1.24 kB │ gzip:   0.62 kB
05:12:16 [vite] dist/_astro/chunk-TZMSLE5B.CkWUh_pb.js                                       1.47 kB │ gzip:   0.66 kB
05:12:16 [vite] dist/_astro/_basePickBy.BsMWfogB.js                                          2.62 kB │ gzip:   1.31 kB
05:12:16 [vite] dist/_astro/arc.DC7UuABZ.js                                                  3.47 kB │ gzip:   1.51 kB
05:12:16 [vite] dist/_astro/diagram-S2PKOQOG.DiM13zcx.js                                     4.35 kB │ gzip:   1.91 kB
05:12:16 [vite] dist/_astro/defaultLocale.DX6XiGOO.js                                        4.69 kB │ gzip:   2.18 kB
05:12:16 [vite] dist/_astro/pieDiagram-ADFJNKIX.BekXEFcz.js                                  5.29 kB │ gzip:   2.35 kB
05:12:16 [vite] dist/_astro/linear.D-f47tb7.js                                               5.69 kB │ gzip:   2.33 kB
05:12:16 [vite] dist/_astro/diagram-QEK2KX5R.5xLNNRpg.js                                     5.95 kB │ gzip:   2.53 kB
05:12:16 [vite] dist/_astro/graph.C-BI88uD.js                                                5.95 kB │ gzip:   1.89 kB
05:12:16 [vite] dist/_astro/stateDiagram-FKZM4ZOC.gMdBdOAZ.js                               10.43 kB │ gzip:   3.66 kB
05:12:16 [vite] dist/_astro/dagre-6UL2VRFP.jT14dsVY.js                                      11.05 kB │ gzip:   4.14 kB
05:12:16 [vite] dist/_astro/_baseUniq.C-j_cMjz.js                                           11.92 kB │ gzip:   4.67 kB
05:12:16 [vite] dist/_astro/ClientRouter.astro_astro_type_script_index_0_lang.CDGfc0hd.js   15.36 kB │ gzip:   5.28 kB
05:12:16 [vite] dist/_astro/diagram-PSM6KHXK.CnXq0rGM.js                                    15.91 kB │ gzip:   5.70 kB
05:12:16 [vite] dist/_astro/kanban-definition-3W4ZIXB7.CX1OguPX.js                          20.24 kB │ gzip:   7.20 kB
05:12:16 [vite] dist/_astro/mindmap-definition-VGOIOE7T.DNCHZcOg.js                         20.95 kB │ gzip:   7.32 kB
05:12:16 [vite] dist/_astro/sankeyDiagram-TZEHDZUN.C3Q52SEa.js                              22.16 kB │ gzip:   8.15 kB
05:12:16 [vite] dist/_astro/journeyDiagram-XKPGCS4Q.DE__8cFu.js                             23.58 kB │ gzip:   8.35 kB
05:12:16 [vite] dist/_astro/timeline-definition-IT6M3QCI.C8i41lYg.js                        23.63 kB │ gzip:   8.25 kB
05:12:16 [vite] dist/_astro/gitGraphDiagram-V2S2FVAM.CYBhuG5U.js                            24.18 kB │ gzip:   7.47 kB
05:12:16 [vite] dist/_astro/erDiagram-Q2GNP2WA.B5MhFPs4.js                                  25.28 kB │ gzip:   8.86 kB
05:12:16 [vite] dist/_astro/layout.04pk8_uE.js                                              27.42 kB │ gzip:   9.75 kB
05:12:16 [vite] dist/_astro/requirementDiagram-UZGBJVZJ.aAs41pSJ.js                         30.12 kB │ gzip:   9.45 kB
05:12:16 [vite] dist/_astro/quadrantDiagram-AYHSOK5B._lI2kMlO.js                            33.88 kB │ gzip:   9.97 kB
05:12:16 [vite] dist/_astro/chunk-DI55MBZ5.Bfz_iMrE.js                                      36.38 kB │ gzip:  11.85 kB
05:12:16 [vite] dist/_astro/xychartDiagram-PRI3JC2R.Cn4yC3oi.js                             40.22 kB │ gzip:  11.38 kB
05:12:16 [vite] dist/_astro/chunk-B4BG7PRW.BHPv7Wnc.js                                      45.34 kB │ gzip:  14.70 kB
05:12:16 [vite] dist/_astro/flowDiagram-NV44I4VS.BzZHbr4y.js                                60.49 kB │ gzip:  19.44 kB
05:12:16 [vite] dist/_astro/ganttDiagram-JELNMOA3.BPxjdzWh.js                               68.35 kB │ gzip:  23.17 kB
05:12:16 [vite] dist/_astro/c4Diagram-YG6GDRKO.4odrkfw8.js                                  70.17 kB │ gzip:  19.70 kB
05:12:16 [vite] dist/_astro/blockDiagram-VD42YOAC.y1EKV6qx.js                               71.85 kB │ gzip:  20.52 kB
05:12:16 [vite] dist/_astro/ui-core.5vfW5kUq.js                                             72.90 kB │ gzip:  22.85 kB
05:12:16 [vite] dist/_astro/cose-bilkent-S5V4N54A.BfZuJ7ze.js                               81.74 kB │ gzip:  22.51 kB
05:12:16 [vite] dist/_astro/sequenceDiagram-WL72ISMW.DbuaqqJc.js                            97.84 kB │ gzip:  26.88 kB
05:12:16 [vite] dist/_astro/architectureDiagram-VXUJARFQ.e0x3JKVw.js                       148.67 kB │ gzip:  42.08 kB
05:12:16 [vite] dist/_astro/katex.Cbg2ZdjV.js                                              258.50 kB │ gzip:  76.88 kB
05:12:16 [vite] dist/_astro/cytoscape.esm.DtBltrT8.js                                      442.41 kB │ gzip: 141.91 kB
05:12:16 [vite] dist/_astro/treemap-GDKQZRPO.8Xq6djsj.js                                   452.66 kB │ gzip: 107.06 kB
05:12:16 [vite] dist/_astro/Mermaid.astro_astro_type_script_index_0_lang.DSEGC6SM.js       494.19 kB │ gzip: 139.11 kB
05:12:16 [vite] ✓ built in 14.68s

 generating static routes 
05:12:16 ▶ src/pages/404.astro
05:12:16   └─ /404.html (+24ms) 
05:12:16 ▶ src/pages/about.md
05:12:16   └─ /about/index.html (+18ms) 
05:12:16 ▶ src/pages/archives/index.astro
05:12:16   └─ /archives/index.html (+39ms) 
05:12:16 λ src/pages/og.png.ts
05:12:16   └─ /og.pngfetch failed
  Stack trace:
    at node:internal/deps/undici/undici:13468:13
    at async loadGoogleFont (file:///root/astro-blog/dist/chunks/generateOgImages_BkoP9Sgr.mjs:8:22)
    at async Promise.all (index 0)
    at async siteOgImage (file:///root/astro-blog/dist/chunks/generateOgImages_BkoP9Sgr.mjs:392:14)
    at async Module.GET (file:///root/astro-blog/dist/pages/og.png.astro.mjs?time=1772831536308:5:18)
  Caused by:
  
    at internalConnectMultiple (node:net:1128:18)
    at Timeout.internalConnectMultipleTimeout (node:net:1720:5)
    at process.processTimers (node:internal/timers:549:7)
 ELIFECYCLE  Command failed with exit code 1.
